pre-order dir testdir
pre-order dir subdir
pre-order dir subdir2
regular file smaller2 size 2049
regular file smaller size 2049
post-order dir: subdir2
regular file smaller size 21483765
post-order dir: subdir
regular file twogig size 2148532224
post-order dir: testdir
